Microchip MPLAB XC8 Compiler V2.36

Linker command line:

-W-3 --edf=C:\Program Files\Microchip\xc8\v2.36\pic\dat\en_msgs.txt -cn \
  -h+dist/default/production\Rev1.production.sym \
  --cmf=dist/default/production\Rev1.production.cmf -z -Q16F1718 \
  -oC:\Users\jeff\AppData\Local\Temp\xcAscmo.4 --defsym=__MPLAB_BUILD=1 \
  -Mdist/default/production/Rev1.production.map \
  --md=C:\Users\jeff\AppData\Local\Temp\xcAscmo.dat -E1 -ver=XC8 Compiler \
  --acfsm=1493 -ACODE=07C0h-07FFh,0800h-0FFFhx7 -ASTRCODE=07C0h-03FFFh \
  -ASTRING=07C0h-07FFh,0800h-08FFhx56 -ACONST=07C0h-07FFh,0800h-08FFhx56 \
  -AENTRY=07C0h-07FFh,0800h-08FFhx56 -ACOMMON=070h-07Fh -ABANK0=020h-06Fh \
  -ABANK1=0A0h-0EFh -ABANK2=0120h-016Fh -ABANK3=01A0h-01EFh \
  -ABANK4=0220h-026Fh -ABANK5=02A0h-02EFh -ABANK6=0320h-036Fh \
  -ABANK7=03A0h-03EFh -ABANK8=0420h-046Fh -ABANK9=04A0h-04EFh \
  -ABANK10=0520h-056Fh -ABANK11=05A0h-05EFh -ABANK12=0620h-066Fh \
  -ABANK13=06A0h-06EFh -ABANK14=0720h-076Fh -ABANK15=07A0h-07EFh \
  -ABANK16=0820h-086Fh -ABANK17=08A0h-08EFh -ABANK18=0920h-096Fh \
  -ABANK19=09A0h-09EFh -ABANK20=0A20h-0A6Fh -ABANK21=0AA0h-0AEFh \
  -ABANK22=0B20h-0B6Fh -ABANK23=0BA0h-0BEFh -ABANK24=0C20h-0C6Fh \
  -ABANK25=0CA0h-0CBFh -ABIGRAM=02000h-027EFh \
  -ARAM=020h-06Fh,0A0h-0EFh,0120h-016Fh,01A0h-01EFh,0220h-026Fh,02A0h-02EFh,0320h-036Fh,03A0h-03EFh,0420h-046Fh,04A0h-04EFh,0520h-056Fh,05A0h-05EFh,0620h-066Fh,06A0h-06EFh,0720h-076Fh,07A0h-07EFh,0820h-086Fh,08A0h-08EFh,0920h-096Fh,09A0h-09EFh,0A20h-0A6Fh,0AA0h-0AEFh,0B20h-0B6Fh,0BA0h-0BEFh,0C20h-0C6Fh,0CA0h-0CBFh \
  -AABS1=020h-07Fh,0A0h-0EFh,0120h-016Fh,01A0h-01EFh,0220h-026Fh,02A0h-02EFh,0320h-036Fh,03A0h-03EFh,0420h-046Fh,04A0h-04EFh,0520h-056Fh,05A0h-05EFh,0620h-066Fh,06A0h-06EFh,0720h-076Fh,07A0h-07EFh,0820h-086Fh,08A0h-08EFh,0920h-096Fh,09A0h-09EFh,0A20h-0A6Fh,0AA0h-0AEFh,0B20h-0B6Fh,0BA0h-0BEFh,0C20h-0C6Fh,0CA0h-0CBFh \
  -ASFR0=00h-01Fh -ASFR1=080h-09Fh -ASFR2=0100h-011Fh -ASFR3=0180h-019Fh \
  -ASFR4=0200h-021Fh -ASFR5=0280h-029Fh -ASFR6=0300h-031Fh \
  -ASFR7=0380h-039Fh -ASFR8=0400h-041Fh -ASFR9=0480h-049Fh \
  -ASFR10=0500h-051Fh -ASFR11=0580h-059Fh -ASFR12=0600h-061Fh \
  -ASFR13=0680h-069Fh -ASFR14=0700h-071Fh -ASFR15=0780h-079Fh \
  -ASFR16=0800h-081Fh -ASFR17=0880h-089Fh -ASFR18=0900h-091Fh \
  -ASFR19=0980h-099Fh -ASFR20=0A00h-0A1Fh -ASFR21=0A80h-0A9Fh \
  -ASFR22=0B00h-0B1Fh -ASFR23=0B80h-0B9Fh -ASFR24=0C00h-0C1Fh \
  -ASFR25=0C80h-0C9Fh -ASFR26=0D00h-0D6Fh -ASFR27=0D80h-0DEFh \
  -ASFR28=0E00h-0E6Fh -ASFR29=0E80h-0EEFh -ASFR30=0F00h-0F6Fh \
  -ASFR31=0F80h-0FEFh -ACONFIG=08007h-08008h -DCONFIG=2 \
  -AIDLOC=08000h-08003h -DIDLOC=2 -DCODE=2 -DSTRCODE=2 -DSTRING=2 -DCONST=2 \
  -DENTRY=2 -preset_vec=07C0h,intentry=07C4h,init,end_init -ppowerup=CODE \
  -pcinit=CODE -pfunctab=ENTRY -k \
  C:\Users\jeff\AppData\Local\Temp\xcAscmo.o \
  dist/default/production\Rev1.production.o 

Object code version is 3.11

Machine type is 16F1718



                Name                               Link     Load   Length Selector   Space Scale
C:\Users\jeff\AppData\Local\Temp\xcAscmo.o
                end_init                            7CC      7CC        2      F88       0
                init                                7CB      7CB        1      F88       0
                reset_vec                           7C0      7C0        2      F80       0
dist/default/production\Rev1.production.o
                cinit                               FBE      FBE       42     1F7C       0
                intentry                            7C4      7C4        7      F88       0
                text94                             17A7     17A7       1A     2F4E       0
                text93                             15B2     15B2        4     2B64       0
                text92                             158B     158B        1     2B16       0
                text91                             15B6     15B6        4     2B6C       0
                text90                              9C8      9C8       3A     1390       0
                text89                              82B      82B       22     1056       0
                text88                             1591     1591        3     2B22       0
                text87                             1594     1594        3     2B28       0
                text86                             1713     1713       10     2E26       0
                text85                              84D      84D       26     109A       0
                text84                             1695     1695        D     2D2A       0
                text83                             1723     1723       11     2E46       0
                text82                             1734     1734       11     2E68       0
                text81                             1745     1745       11     2E8A       0
                text80                             1756     1756       11     2EAC       0
                text79                             178F     178F       18     2F1E       0
                text78                             158F     158F        2     2B1E       0
                text77                              7C2      7C2        2      F80       0
                text76                             1597     1597        3     2B2E       0
                text75                             15BA     15BA        4     2B74       0
                text74                             159A     159A        3     2B34       0
                text73                             15BE     15BE        4     2B7C       0
                text72                             15CE     15CE        5     2B9C       0
                text71                             1605     1605        6     2C0A       0
                text70                             159D     159D        3     2B3A       0
                text69                              8F4      8F4       2F     11E8       0
                text68                             15D3     15D3        5     2BA6       0
                text67                             165F     165F        9     2CBE       0
                text66                             164F     164F        8     2C9E       0
                text65                              BB6      BB6       55     176C       0
                text64                              A84      A84       46     1508       0
                text63                             1641     1641        7     2C82       0
                text62                             15D8     15D8        5     2BB0       0
                text61                             15DD     15DD        5     2BBA       0
                text60                             15E2     15E2        5     2BC4       0
                text59                             15E7     15E7        5     2BCE       0
                text58                             15EC     15EC        5     2BD8       0
                text57                             15F1     15F1        5     2BE2       0
                text56                             15F6     15F6        5     2BEC       0
                text55                             15FB     15FB        5     2BF6       0
                text54                              89A      89A       2C     1134       0
                text53                             15A0     15A0        3     2B40       0
                text52                              8C6      8C6       2E     118C       0
                text51                             15C2     15C2        4     2B84       0
                text50                             158C     158C        1     2B18       0
                text49                             16E6     16E6        F     2DCC       0
                text48                             158D     158D        1     2B1A       0
                text47                             16F5     16F5        F     2DEA       0
                text46                             1767     1767       11     2ECE       0
                text45                              ACA      ACA       4C     1594       0
                text43                              C0B      C0B       7E     1816       0
                text42                              C89      C89       B8     1912       0
                text41                             15A3     15A3        3     2B46       0
                text40                             15A6     15A6        3     2B4C       0
                text39                             15A9     15A9        3     2B52       0
                text38                              80A      80A       21     1014       0
                text37                             15AC     15AC        3     2B58       0
                text36                             17E0     17E0       20     2FC0       0
                text35                             1600     1600        5     2C00       0
                text34                             15AF     15AF        3     2B5E       0
                text33                             16A2     16A2        D     2D44       0
                text32                             160B     160B        6     2C16       0
                text31                              B16      B16       4C     162C       0
                text30                              873      873       27     10E6       0
                text29                             16BC     16BC        E     2D78       0
                text28                             1778     1778       17     2EF0       0
                text27                             16CA     16CA        E     2D94       0
                text26                              958      958       38     12B0       0
                text25                              7CE      7CE       32      F88       0
                text24                             158E     158E        1     2B1C       0
                text23                              A02      A02       3D     1404       0
                text22                             1668     1668        9     2CD0       0
                text21                             1611     1611        6     2C22       0
                text20                             1617     1617        6     2C2E       0
                text19                             161D     161D        6     2C3A       0
                text18                             1623     1623        6     2C46       0
                text17                             1629     1629        6     2C52       0
                text16                              A3F      A3F       45     147E       0
                text15                             15C6     15C6        4     2B8C       0
                text14                              801      801        9     1002       0
                text13                             1671     1671        C     2CE2       0
                text12                             162F     162F        6     2C5E       0
                text11                             1635     1635        6     2C6A       0
                text10                              B62      B62       54     16C4       0
                text9                              16D8     16D8        E     2DB0       0
                text8                              16AF     16AF        D     2D5E       0
                text7                              1648     1648        7     2C90       0
                text6                              15CA     15CA        4     2B94       0
                text5                              17C1     17C1       1F     2F82       0
                text4                               800      800        1      F88       0
                text3                               923      923       35     1246       0
                text2                              1704     1704        F     2E08       0
                text1                               990      990       38     1320       0
                maintext                            D41      D41      27D     1A82       0
                cstackBANK0                          40       40       20       20       1
                cstackCOMMON                         70       70        D       70       1
                cstackBANK1                          DB       DB        3       A0       1
                clrtext                            167D     167D        C     2CFA       0
                inittext                           1689     1689        C     2D12       0
                dataBANK1                            D5       D5        6       A0       1
                bssBANK1                             A0       A0       35       A0       1
                dataBANK0                            60       60        8       20       1
                bssBANK0                             20       20       20       20       1
                bssCOMMON                            7D       7D        1       70       1
                nvBANK0                              68       68        4       20       1
                stringtext3                        1801     1801        1     3000       0
                stringtext2                        1800     1800        1     3000       0
                stringtext1                        1000     1000       20     2000       0
                idataBANK1                         163B     163B        6     2C76       0
                idataBANK0                         1657     1657        8     2CAE       0

TOTAL           Name                               Link     Load   Length     Space
        CLASS   CODE           
                end_init                            7CC      7CC        2         0
                cinit                               FBE      FBE       42         0
                init                                7CB      7CB        1         0
                intentry                            7C4      7C4        7         0
                reset_vec                           7C0      7C0        2         0
                text94                             17A7     17A7       1A         0
                text93                             15B2     15B2        4         0
                text92                             158B     158B        1         0
                text91                             15B6     15B6        4         0
                text90                              9C8      9C8       3A         0
                text89                              82B      82B       22         0
                text88                             1591     1591        3         0
                text87                             1594     1594        3         0
                text86                             1713     1713       10         0
                text85                              84D      84D       26         0
                text84                             1695     1695        D         0
                text83                             1723     1723       11         0
                text82                             1734     1734       11         0
                text81                             1745     1745       11         0
                text80                             1756     1756       11         0
                text79                             178F     178F       18         0
                text78                             158F     158F        2         0
                text77                              7C2      7C2        2         0
                text76                             1597     1597        3         0
                text75                             15BA     15BA        4         0
                text74                             159A     159A        3         0
                text73                             15BE     15BE        4         0
                text72                             15CE     15CE        5         0
                text71                             1605     1605        6         0
                text70                             159D     159D        3         0
                text69                              8F4      8F4       2F         0
                text68                             15D3     15D3        5         0
                text67                             165F     165F        9         0
                text66                             164F     164F        8         0
                text65                              BB6      BB6       55         0
                text64                              A84      A84       46         0
                text63                             1641     1641        7         0
                text62                             15D8     15D8        5         0
                text61                             15DD     15DD        5         0
                text60                             15E2     15E2        5         0
                text59                             15E7     15E7        5         0
                text58                             15EC     15EC        5         0
                text57                             15F1     15F1        5         0
                text56                             15F6     15F6        5         0
                text55                             15FB     15FB        5         0
                text54                              89A      89A       2C         0
                text53                             15A0     15A0        3         0
                text52                              8C6      8C6       2E         0
                text51                             15C2     15C2        4         0
                text50                             158C     158C        1         0
                text49                             16E6     16E6        F         0
                text48                             158D     158D        1         0
                text47                             16F5     16F5        F         0
                text46                             1767     1767       11         0
                text45                              ACA      ACA       4C         0
                text43                              C0B      C0B       7E         0
                text42                              C89      C89       B8         0
                text41                             15A3     15A3        3         0
                text40                             15A6     15A6        3         0
                text39                             15A9     15A9        3         0
                text38                              80A      80A       21         0
                text37                             15AC     15AC        3         0
                text36                             17E0     17E0       20         0
                text35                             1600     1600        5         0
                text34                             15AF     15AF        3         0
                text33                             16A2     16A2        D         0
                text32                             160B     160B        6         0
                text31                              B16      B16       4C         0
                text30                              873      873       27         0
                text29                             16BC     16BC        E         0
                text28                             1778     1778       17         0
                text27                             16CA     16CA        E         0
                text26                              958      958       38         0
                text25                              7CE      7CE       32         0
                text24                             158E     158E        1         0
                text23                              A02      A02       3D         0
                text22                             1668     1668        9         0
                text21                             1611     1611        6         0
                text20                             1617     1617        6         0
                text19                             161D     161D        6         0
                text18                             1623     1623        6         0
                text17                             1629     1629        6         0
                text16                              A3F      A3F       45         0
                text15                             15C6     15C6        4         0
                text14                              801      801        9         0
                text13                             1671     1671        C         0
                text12                             162F     162F        6         0
                text11                             1635     1635        6         0
                text10                              B62      B62       54         0
                text9                              16D8     16D8        E         0
                text8                              16AF     16AF        D         0
                text7                              1648     1648        7         0
                text6                              15CA     15CA        4         0
                text5                              17C1     17C1       1F         0
                text4                               800      800        1         0
                text3                               923      923       35         0
                text2                              1704     1704        F         0
                text1                               990      990       38         0
                maintext                            D41      D41      27D         0
                clrtext                            167D     167D        C         0
                inittext                           1689     1689        C         0
                idataBANK1                         163B     163B        6         0
                idataBANK0                         1657     1657        8         0

        CLASS   STRCODE        
                stringtext3                        1801     1801        1         0
                stringtext2                        1800     1800        1         0
                stringtext1                        1000     1000       20         0

        CLASS   STRING         

        CLASS   CONST          

        CLASS   ENTRY          

        CLASS   COMMON         
                cstackCOMMON                         70       70        D         1
                bssCOMMON                            7D       7D        1         1

        CLASS   BANK0          
                cstackBANK0                          40       40       20         1
                dataBANK0                            60       60        8         1
                bssBANK0                             20       20       20         1
                nvBANK0                              68       68        4         1

        CLASS   BANK1          
                cstackBANK1                          DB       DB        3         1
                dataBANK1                            D5       D5        6         1
                bssBANK1                             A0       A0       35         1

        CLASS   BANK2          

        CLASS   BANK3          

        CLASS   BANK4          

        CLASS   BANK5          

        CLASS   BANK6          

        CLASS   BANK7          

        CLASS   BANK8          

        CLASS   BANK9          

        CLASS   BANK10         

        CLASS   BANK11         

        CLASS   BANK12         

        CLASS   BANK13         

        CLASS   BANK14         

        CLASS   BANK15         

        CLASS   BANK16         

        CLASS   BANK17         

        CLASS   BANK18         

        CLASS   BANK19         

        CLASS   BANK20         

        CLASS   BANK21         

        CLASS   BANK22         

        CLASS   BANK23         

        CLASS   BANK24         

        CLASS   BANK25         

        CLASS   BIGRAM         

        CLASS   RAM            

        CLASS   ABS1           
                abs_s1                               7E       7E        2         1
                abs_s1                              8A4      8A4       4C         1
                abs_s1                              920      920       50         1
                abs_s1                              9A0      9A0       50         1
                abs_s1                              A20      A20       50         1
                abs_s1                              AA0      AA0       50         1
                abs_s1                              B20      B20       50         1
                abs_s1                              BA0      BA0       50         1
                abs_s1                              C20      C20       50         1
                abs_s1                              CA0      CA0       20         1
                abs_s1                             2554     2554        0         1
                abs_s1                             25D4     25D4        0         1
                abs_s1                             26E2     26E2        0         1

        CLASS   SFR0           

        CLASS   SFR1           

        CLASS   SFR2           

        CLASS   SFR3           

        CLASS   SFR4           

        CLASS   SFR5           

        CLASS   SFR6           

        CLASS   SFR7           

        CLASS   SFR8           

        CLASS   SFR9           

        CLASS   SFR10          

        CLASS   SFR11          

        CLASS   SFR12          

        CLASS   SFR13          

        CLASS   SFR14          

        CLASS   SFR15          

        CLASS   SFR16          

        CLASS   SFR17          

        CLASS   SFR18          

        CLASS   SFR19          

        CLASS   SFR20          

        CLASS   SFR21          

        CLASS   SFR22          

        CLASS   SFR23          

        CLASS   SFR24          

        CLASS   SFR25          

        CLASS   SFR26          

        CLASS   SFR27          

        CLASS   SFR28          

        CLASS   SFR29          

        CLASS   SFR30          

        CLASS   SFR31          

        CLASS   CONFIG         

        CLASS   IDLOC          

        CLASS   BANK31         

        CLASS   BANK30         

        CLASS   BANK29         

        CLASS   BANK28         

        CLASS   BANK27         

        CLASS   BANK26         

        CLASS   HEAP           

        CLASS   STACK          

        CLASS   EEDATA         



SEGMENTS        Name                           Load    Length   Top    Selector   Space  Class     Delta

                bssBANK0                       000020  00004C  00006C        20       1  BANK0       1
                cstackCOMMON                   000070  00000E  00007E        70       1  COMMON      1
                bssBANK1                       0000A0  00003E  0000DE        A0       1  BANK1       1
                reset_vec                      0007C0  000004  0007C4       F80       0  CODE        2
                intentry                       0007C4  00003D  000801       F88       0  CODE        2
                text14                         000801  000009  00080A      1002       0  CODE        2
                text38                         00080A  000021  00082B      1014       0  CODE        2
                text89                         00082B  000022  00084D      1056       0  CODE        2
                text85                         00084D  000026  000873      109A       0  CODE        2
                text30                         000873  000027  00089A      10E6       0  CODE        2
                text54                         00089A  00002C  0008C6      1134       0  CODE        2
                text52                         0008C6  00002E  0008F4      118C       0  CODE        2
                text69                         0008F4  00002F  000923      11E8       0  CODE        2
                text3                          000923  000035  000958      1246       0  CODE        2
                text26                         000958  000038  000990      12B0       0  CODE        2
                text1                          000990  000038  0009C8      1320       0  CODE        2
                text90                         0009C8  00003A  000A02      1390       0  CODE        2
                text23                         000A02  00003D  000A3F      1404       0  CODE        2
                text16                         000A3F  000045  000A84      147E       0  CODE        2
                text64                         000A84  000046  000ACA      1508       0  CODE        2
                text45                         000ACA  00004C  000B16      1594       0  CODE        2
                text31                         000B16  00004C  000B62      162C       0  CODE        2
                text10                         000B62  000054  000BB6      16C4       0  CODE        2
                text65                         000BB6  000055  000C0B      176C       0  CODE        2
                text43                         000C0B  00007E  000C89      1816       0  CODE        2
                text42                         000C89  0000B8  000D41      1912       0  CODE        2
                maintext                       000D41  00027D  000FBE      1A82       0  CODE        2
                cinit                          000FBE  000042  001000      1F7C       0  CODE        2
                stringtext1                    001000  000020  001020      2000       0  STRCODE     2
                text92                         00158B  000001  00158C      2B16       0  CODE        2
                text50                         00158C  000001  00158D      2B18       0  CODE        2
                text48                         00158D  000001  00158E      2B1A       0  CODE        2
                text24                         00158E  000001  00158F      2B1C       0  CODE        2
                text78                         00158F  000002  001591      2B1E       0  CODE        2
                text88                         001591  000003  001594      2B22       0  CODE        2
                text87                         001594  000003  001597      2B28       0  CODE        2
                text76                         001597  000003  00159A      2B2E       0  CODE        2
                text74                         00159A  000003  00159D      2B34       0  CODE        2
                text70                         00159D  000003  0015A0      2B3A       0  CODE        2
                text53                         0015A0  000003  0015A3      2B40       0  CODE        2
                text41                         0015A3  000003  0015A6      2B46       0  CODE        2
                text40                         0015A6  000003  0015A9      2B4C       0  CODE        2
                text39                         0015A9  000003  0015AC      2B52       0  CODE        2
                text37                         0015AC  000003  0015AF      2B58       0  CODE        2
                text34                         0015AF  000003  0015B2      2B5E       0  CODE        2
                text93                         0015B2  000004  0015B6      2B64       0  CODE        2
                text91                         0015B6  000004  0015BA      2B6C       0  CODE        2
                text75                         0015BA  000004  0015BE      2B74       0  CODE        2
                text73                         0015BE  000004  0015C2      2B7C       0  CODE        2
                text51                         0015C2  000004  0015C6      2B84       0  CODE        2
                text15                         0015C6  000004  0015CA      2B8C       0  CODE        2
                text6                          0015CA  000004  0015CE      2B94       0  CODE        2
                text72                         0015CE  000005  0015D3      2B9C       0  CODE        2
                text68                         0015D3  000005  0015D8      2BA6       0  CODE        2
                text62                         0015D8  000005  0015DD      2BB0       0  CODE        2
                text61                         0015DD  000005  0015E2      2BBA       0  CODE        2
                text60                         0015E2  000005  0015E7      2BC4       0  CODE        2
                text59                         0015E7  000005  0015EC      2BCE       0  CODE        2
                text58                         0015EC  000005  0015F1      2BD8       0  CODE        2
                text57                         0015F1  000005  0015F6      2BE2       0  CODE        2
                text56                         0015F6  000005  0015FB      2BEC       0  CODE        2
                text55                         0015FB  000005  001600      2BF6       0  CODE        2
                text35                         001600  000005  001605      2C00       0  CODE        2
                text71                         001605  000006  00160B      2C0A       0  CODE        2
                text32                         00160B  000006  001611      2C16       0  CODE        2
                text21                         001611  000006  001617      2C22       0  CODE        2
                text20                         001617  000006  00161D      2C2E       0  CODE        2
                text19                         00161D  000006  001623      2C3A       0  CODE        2
                text18                         001623  000006  001629      2C46       0  CODE        2
                text17                         001629  000006  00162F      2C52       0  CODE        2
                text12                         00162F  000006  001635      2C5E       0  CODE        2
                text11                         001635  000006  00163B      2C6A       0  CODE        2
                idataBANK1                     00163B  000006  001641      2C76       0  CODE        2
                text63                         001641  000007  001648      2C82       0  CODE        2
                text7                          001648  000007  00164F      2C90       0  CODE        2
                text66                         00164F  000008  001657      2C9E       0  CODE        2
                idataBANK0                     001657  000008  00165F      2CAE       0  CODE        2
                text67                         00165F  000009  001668      2CBE       0  CODE        2
                text22                         001668  000009  001671      2CD0       0  CODE        2
                text13                         001671  00000C  00167D      2CE2       0  CODE        2
                clrtext                        00167D  00000C  001689      2CFA       0  CODE        2
                inittext                       001689  00000C  001695      2D12       0  CODE        2
                text84                         001695  00000D  0016A2      2D2A       0  CODE        2
                text33                         0016A2  00000D  0016AF      2D44       0  CODE        2
                text8                          0016AF  00000D  0016BC      2D5E       0  CODE        2
                text29                         0016BC  00000E  0016CA      2D78       0  CODE        2
                text27                         0016CA  00000E  0016D8      2D94       0  CODE        2
                text9                          0016D8  00000E  0016E6      2DB0       0  CODE        2
                text49                         0016E6  00000F  0016F5      2DCC       0  CODE        2
                text47                         0016F5  00000F  001704      2DEA       0  CODE        2
                text2                          001704  00000F  001713      2E08       0  CODE        2
                text86                         001713  000010  001723      2E26       0  CODE        2
                text83                         001723  000011  001734      2E46       0  CODE        2
                text82                         001734  000011  001745      2E68       0  CODE        2
                text81                         001745  000011  001756      2E8A       0  CODE        2
                text80                         001756  000011  001767      2EAC       0  CODE        2
                text46                         001767  000011  001778      2ECE       0  CODE        2
                text28                         001778  000017  00178F      2EF0       0  CODE        2
                text79                         00178F  000018  0017A7      2F1E       0  CODE        2
                text94                         0017A7  00001A  0017C1      2F4E       0  CODE        2
                text5                          0017C1  00001F  0017E0      2F82       0  CODE        2
                text36                         0017E0  000020  001800      2FC0       0  CODE        2
                stringtext2                    001800  000002  001802      3000       0  STRCODE     2


UNUSED ADDRESS RANGES

        Name                Unused          Largest block    Delta
        BANK0            006C-006F              4           1
        BANK1            00DE-00EF             12           1
        BANK10           0520-056F             50           1
        BANK11           05A0-05EF             50           1
        BANK12           0620-066F             50           1
        BANK13           06A0-06EF             50           1
        BANK14           0720-076F             50           1
        BANK15           07A0-07EF             50           1
        BANK16           0820-086F             50           1
        BANK17           08A0-08A3              4           1
        BANK2            0120-016F             50           1
        BANK3            01A0-01EF             50           1
        BANK4            0220-026F             50           1
        BANK5            02A0-02EF             50           1
        BANK6            0320-036F             50           1
        BANK7            03A0-03EF             50           1
        BANK8            0420-046F             50           1
        BANK9            04A0-04EF             50           1
        BIGRAM           2000-27EF            7F0           1
        CODE             1020-158A            56B           2
                         1802-3FFF            800
        CONFIG           8007-8008              2           2
        CONST            1020-158A            100           2
                         1802-3FFF            100
        ENTRY            1020-158A            100           2
                         1802-3FFF            100
        IDLOC            8000-8003              4           2
        RAM              006C-006F              4           1
                         00DE-00EF             12
                         0120-016F             50
                         01A0-01EF             50
                         0220-026F             50
                         02A0-02EF             50
                         0320-036F             50
                         03A0-03EF             50
                         0420-046F             50
                         04A0-04EF             50
                         0520-056F             50
                         05A0-05EF             50
                         0620-066F             50
                         06A0-06EF             50
                         0720-076F             50
                         07A0-07EF             50
                         0820-086F             50
                         08A0-08A3              4
        SFR0             0000-001F             20           1
        SFR1             0080-009F             20           1
        SFR10            0500-051F             20           1
        SFR11            0580-059F             20           1
        SFR12            0600-061F             20           1
        SFR13            0680-069F             20           1
        SFR14            0700-071F             20           1
        SFR15            0780-079F             20           1
        SFR16            0800-081F             20           1
        SFR17            0880-089F             20           1
        SFR18            0900-091F             20           1
        SFR19            0980-099F             20           1
        SFR2             0100-011F             20           1
        SFR20            0A00-0A1F             20           1
        SFR21            0A80-0A9F             20           1
        SFR22            0B00-0B1F             20           1
        SFR23            0B80-0B9F             20           1
        SFR24            0C00-0C1F             20           1
        SFR25            0C80-0C9F             20           1
        SFR26            0D00-0D6F             70           1
        SFR27            0D80-0DEF             70           1
        SFR28            0E00-0E6F             70           1
        SFR29            0E80-0EEF             70           1
        SFR3             0180-019F             20           1
        SFR30            0F00-0F6F             70           1
        SFR31            0F80-0FEF             70           1
        SFR4             0200-021F             20           1
        SFR5             0280-029F             20           1
        SFR6             0300-031F             20           1
        SFR7             0380-039F             20           1
        SFR8             0400-041F             20           1
        SFR9             0480-049F             20           1
        STRCODE          1020-158A            56B           2
                         1802-3FFF           27FE
        STRING           1020-158A            100           2
                         1802-3FFF            100

                                  Symbol Table

?_CheckSumMaker                                cstackBANK0  0043
CheckSumMaker@buffer                           cstackBANK0  0043
CheckSumMaker@i                                cstackBANK0  0054
CheckSumMaker@size                             cstackBANK0  0045
CheckSumMaker@sum                              cstackBANK0  0055
CheckSumMaker@temp2                            cstackBANK0  0050
CheckSumMaker@temp6                            cstackBANK0  004C
ControlLights@delayLoop1                       cstackBANK0  004A
ControlLights@delayLoop2                       cstackBANK0  0048
ControlLights@i                                cstackBANK0  0049
ControlLights@ledValue                         cstackBANK0  0045
ControlLights@param_0                          cstackBANK0  0047
DumpEEPROMtoMemory@i                           cstackBANK0  0056
EUSART_SetErrorHandler@interruptHandler        cstackBANK0  0043
EUSART_SetFramingErrorHandler@interruptHandler cstackBANK0  0043
EUSART_SetOverrunErrorHandler@interruptHandler cstackBANK0  0043
EUSART_SetRxInterruptHandler@interruptHandler  cstackBANK0  0043
EUSART_SetTxInterruptHandler@interruptHandler  cstackBANK0  0043
GetCommandEntryBuffer@newCommand               cstackBANK0  0043
I2C_CallbackReturnReset@funPtr                 cstackCOMMON 0079
I2C_Close@returnValue                          cstackBANK0  0044
I2C_MasterOperation@read                       cstackBANK0  0044
I2C_MasterOperation@returnValue                cstackBANK0  0045
I2C_MasterSendTxData@data                      cstackCOMMON 0070
I2C_Open@address                               cstackBANK0  0046
I2C_Open@returnValue                           cstackBANK0  0047
I2C_Read1ByteRegister@address                  cstackBANK0  004E
I2C_Read1ByteRegister@reg                      cstackBANK0  004C
I2C_Read1ByteRegister@returnValue              cstackBANK0  004F
I2C_ReadDataBlock@address                      cstackBANK0  0051
I2C_ReadDataBlock@bufferBlock                  cstackBANK0  0052
I2C_ReadDataBlock@data                         cstackBANK0  004D
I2C_ReadDataBlock@len                          cstackBANK0  004E
I2C_ReadDataBlock@reg                          cstackBANK0  004C
I2C_SetAddressNackCallback@cb                  cstackBANK0  0048
I2C_SetAddressNackCallback@ptr                 cstackBANK0  004A
I2C_SetBuffer@buffer                           cstackBANK0  0046
I2C_SetBuffer@bufferSize                       cstackBANK0  0043
I2C_SetCallback@cb                             cstackBANK0  0043
I2C_SetCallback@idx                            cstackBANK0  0047
I2C_SetCallback@ptr                            cstackBANK0  0045
I2C_SetDataCompleteCallback@cb                 cstackBANK0  0048
I2C_SetDataCompleteCallback@ptr                cstackBANK0  004A
I2C_SetInterruptHandler@InterruptHandler       cstackBANK0  0043
I2C_Write1ByteRegister@address                 cstackBANK0  004F
I2C_Write1ByteRegister@data                    cstackBANK0  004D
I2C_Write1ByteRegister@reg                     cstackBANK0  004C
IOCAF0_SetInterruptHandler@InterruptHandler    cstackBANK0  0043
IOCAF1_SetInterruptHandler@InterruptHandler    cstackBANK0  0043
TransmitMessage@newCommand                     cstackBANK0  0043
WriteEEPROM@addr                               cstackBANK0  0053
WriteEEPROM@value                              cstackBANK0  0050
WriteEEPROMBuffer@buffer                       cstackBANK0  0054
WriteEEPROMBuffer@delayLoop1                   cstackBANK0  005B
WriteEEPROMBuffer@delayLoop2                   cstackBANK0  005C
WriteEEPROMBuffer@eeprom_addr                  cstackBANK0  005A
WriteEEPROMBuffer@i                            cstackBANK0  005D
WriteEEPROMBuffer@length                       cstackBANK0  0056
_ADCON0                                        (abs)        009D
_ADCON0bits                                    (abs)        009D
_ADCON1                                        (abs)        009E
_ADCON2                                        (abs)        009F
_ADC_Initialize                                text22       1668
_ADRESH                                        (abs)        009C
_ADRESL                                        (abs)        009B
_ANSELA                                        (abs)        018C
_ANSELB                                        (abs)        018D
_ANSELC                                        (abs)        018E
_BAUD1CON                                      (abs)        019F
_BORCON                                        (abs)        0116
_CheckSumMaker                                 text43       0C0B
_ControlLights                                 text42       0C89
_DumpEEPROMtoMemory                            text25       07CE
_EUSART_DefaultErrorHandler                    text93       15B2
_EUSART_DefaultFramingErrorHandler             text92       158B
_EUSART_DefaultOverrunErrorHandler             text91       15B6
_EUSART_ErrorHandler                           bssBANK0     0024
_EUSART_FramingErrorHandler                    bssBANK0     0028
_EUSART_Initialize                             text16       0A3F
_EUSART_OverrunErrorHandler                    bssBANK0     0026
_EUSART_Receive_ISR                            text90       09C8
_EUSART_RxDataHandler                          text94       17A7
_EUSART_RxDefaultInterruptHandler              bssBANK0     002A
_EUSART_SetErrorHandler                        text21       1611
_EUSART_SetFramingErrorHandler                 text20       1617
_EUSART_SetOverrunErrorHandler                 text19       161D
_EUSART_SetRxInterruptHandler                  text18       1623
_EUSART_SetTxInterruptHandler                  text17       1629
_EUSART_Transmit_ISR                           text89       082B
_EUSART_TxDefaultInterruptHandler              bssBANK0     002C
_FVRCON                                        (abs)        0117
_FVRCONbits                                    (abs)        0117
_FVR_Initialize                                text15       15C6
_GetCommandEntryBuffer                         text24       158E
_I2C_CallbackReturnReset                       text77       07C2
_I2C_CallbackReturnStop                        text78       158F
_I2C_Close                                     text38       080A
_I2C_DO_ADDRESS_NACK                           text54       089A
_I2C_DO_IDLE                                   text68       15D3
_I2C_DO_RCEN                                   text63       1641
_I2C_DO_RESET                                  text55       15FB
_I2C_DO_RX                                     text64       0A84
_I2C_DO_RX_ACK                                 text58       15EC
_I2C_DO_RX_NACK_RESTART                        text56       15F6
_I2C_DO_RX_NACK_STOP                           text57       15F1
_I2C_DO_SEND_ADR_READ                          text67       165F
_I2C_DO_SEND_ADR_WRITE                         text66       164F
_I2C_DO_SEND_RESTART                           text60       15E2
_I2C_DO_SEND_RESTART_READ                      text62       15D8
_I2C_DO_SEND_RESTART_WRITE                     text61       15DD
_I2C_DO_SEND_STOP                              text59       15E7
_I2C_DO_TX                                     text65       0BB6
_I2C_DO_TX_EMPTY                               text69       08F4
_I2C_Initialize                                text14       0801
_I2C_MasterClearIrq                            text41       15A3
_I2C_MasterClose                               text40       15A6
_I2C_MasterDisableIrq                          text39       15A9
_I2C_MasterEnableIrq                           text34       15AF
_I2C_MasterEnableRestart                       text88       1591
_I2C_MasterFsm                                 text52       08C6
_I2C_MasterGetRxData                           text74       159A
_I2C_MasterIsNack                              text71       1605
_I2C_MasterIsr                                 text51       15C2
_I2C_MasterOpen                                text33       16A2
_I2C_MasterOperation                           text36       17E0
_I2C_MasterSendAck                             text73       15BE
_I2C_MasterSendNack                            text75       15BA
_I2C_MasterSendTxData                          text72       15CE
_I2C_MasterSetIrq                              text70       159D
_I2C_MasterStart                               text37       15AC
_I2C_MasterStartRx                             text76       1597
_I2C_MasterStop                                text87       1594
_I2C_MasterWrite                               text35       1600
_I2C_Open                                      text31       0B16
_I2C_Read1ByteRegister                         text26       0958
_I2C_ReadDataBlock                             text23       0A02
_I2C_SetAddressNackCallback                    text29       16BC
_I2C_SetBuffer                                 text28       1778
_I2C_SetCallback                               text30       0873
_I2C_SetDataCompleteCallback                   text27       16CA
_I2C_SetInterruptHandler                       text32       160B
_I2C_Status                                    bssBANK1     00A0
_I2C_Write1ByteRegister                        text3        0923
_INLVLA                                        (abs)        038C
_INLVLB                                        (abs)        038D
_INLVLC                                        (abs)        038E
_INLVLE                                        (abs)        0390
_INTCONbits                                    (abs)        000B
_INTERRUPT_InterruptManager                    intentry     07C4
_IOCAF0_DefaultInterruptHandler                text50       158C
_IOCAF0_ISR                                    text49       16E6
_IOCAF0_InterruptHandler                       nvBANK0      006A
_IOCAF0_SetInterruptHandler                    text12       162F
_IOCAF1_DefaultInterruptHandler                text48       158D
_IOCAF1_ISR                                    text47       16F5
_IOCAF1_InterruptHandler                       nvBANK0      0068
_IOCAF1_SetInterruptHandler                    text11       1635
_IOCAFbits                                     (abs)        0393
_IOCANbits                                     (abs)        0392
_IOCAPbits                                     (abs)        0391
_InterruptCallback                             text45       0ACA
_LATA                                          (abs)        010C
_LATAbits                                      (abs)        010C
_LATB                                          (abs)        010D
_LATBbits                                      (abs)        010D
_LATC                                          (abs)        010E
_MSSP_InterruptHandler                         bssBANK0     002E
_ODCONA                                        (abs)        028C
_ODCONB                                        (abs)        028D
_ODCONC                                        (abs)        028E
_OPTION_REG                                    (abs)        0095
_OPTION_REGbits                                (abs)        0095
_OSCCON                                        (abs)        0099
_OSCILLATOR_Initialize                         text13       1671
_OSCTUNE                                       (abs)        0098
_PIE1bits                                      (abs)        0091
_PIE2bits                                      (abs)        0092
_PIN_MANAGER_IOC                               text46       1767
_PIN_MANAGER_Initialize                        text10       0B62
_PIR1bits                                      (abs)        0011
_PIR2bits                                      (abs)        0012
_PLLR                                          (abs)        04D6
_PMADRH                                        (abs)        0192
_PMADRL                                        (abs)        0191
_PMCON1bits                                    (abs)        0195
_PMCON2                                        (abs)        0196
_PMDATH                                        (abs)        0194
_PMDATL                                        (abs)        0193
_PR2                                           (abs)        001B
_RC1REG                                        (abs)        0199
_RC1STA                                        (abs)        019D
_RC1STAbits                                    (abs)        019D
_RC3PPS                                        (abs)        0EA3
_RC4PPS                                        (abs)        0EA4
_RC6PPS                                        (abs)        0EA6
_RXPPS                                         (abs)        0E24
_SLRCONA                                       (abs)        030C
_SLRCONB                                       (abs)        030D
_SLRCONC                                       (abs)        030E
_SP1BRGH                                       (abs)        019C
_SP1BRGL                                       (abs)        019B
_SSP1ADD                                       (abs)        0212
_SSP1BUF                                       (abs)        0211
_SSP1CON1                                      (abs)        0215
_SSP1CON1bits                                  (abs)        0215
_SSP1CON2                                      (abs)        0216
_SSP1CON2bits                                  (abs)        0216
_SSP1STAT                                      (abs)        0214
_SSP1STATbits                                  (abs)        0214
_SSPCLKPPS                                     (abs)        0E20
_SSPDATPPS                                     (abs)        0E21
_SYSTEM_Initialize                             text5        17C1
_T1CON                                         (abs)        0018
_T1CONbits                                     (abs)        0018
_T1GCON                                        (abs)        0019
_T1GCONbits                                    (abs)        0019
_T2CON                                         (abs)        001C
_T2CONbits                                     (abs)        001C
_TMR0                                          (abs)        0015
_TMR0_Initialize                               text9        16D8
_TMR1H                                         (abs)        0017
_TMR1L                                         (abs)        0016
_TMR1_Initialize                               text8        16AF
_TMR2                                          (abs)        001A
_TMR2_Initialize                               text7        1648
_TRISA                                         (abs)        008C
_TRISB                                         (abs)        008D
_TRISC                                         (abs)        008E
_TRISE                                         (abs)        0090
_TX1REG                                        (abs)        019A
_TX1STA                                        (abs)        019E
_TX1STAbits                                    (abs)        019E
_TransmitMessage                               text4        0800
_WDTCON                                        (abs)        0097
_WDT_Initialize                                text6        15CA
_WPUA                                          (abs)        020C
_WPUB                                          (abs)        020D
_WPUC                                          (abs)        020E
_WPUE                                          (abs)        0210
_WriteEEPROM                                   text2        1704
_WriteEEPROMBuffer                             text1        0990
__Habs1                                        abs1         0000
__Hbank0                                       bank0        0000
__Hbank1                                       bank1        0000
__Hbank10                                      bank10       0000
__Hbank11                                      bank11       0000
__Hbank12                                      bank12       0000
__Hbank13                                      bank13       0000
__Hbank14                                      bank14       0000
__Hbank15                                      bank15       0000
__Hbank16                                      bank16       0000
__Hbank17                                      bank17       0000
__Hbank18                                      bank18       0000
__Hbank19                                      bank19       0000
__Hbank2                                       bank2        0000
__Hbank20                                      bank20       0000
__Hbank21                                      bank21       0000
__Hbank22                                      bank22       0000
__Hbank23                                      bank23       0000
__Hbank24                                      bank24       0000
__Hbank25                                      bank25       0000
__Hbank26                                      bank26       0000
__Hbank27                                      bank27       0000
__Hbank28                                      bank28       0000
__Hbank29                                      bank29       0000
__Hbank3                                       bank3        0000
__Hbank30                                      bank30       0000
__Hbank31                                      bank31       0000
__Hbank4                                       bank4        0000
__Hbank5                                       bank5        0000
__Hbank6                                       bank6        0000
__Hbank7                                       bank7        0000
__Hbank8                                       bank8        0000
__Hbank9                                       bank9        0000
__Hbigram                                      bigram       0000
__HbssBANK0                                    bssBANK0     0000
__HbssBANK1                                    bssBANK1     0000
__HbssCOMMON                                   bssCOMMON    0000
__Hcinit                                       cinit        1000
__Hclrtext                                     clrtext      0000
__Hcode                                        code         0000
__Hcommon                                      common       0000
__HcstackBANK0                                 cstackBANK0  0000
__HcstackBANK1                                 cstackBANK1  0000
__HcstackCOMMON                                cstackCOMMON 0000
__HdataBANK0                                   dataBANK0    0000
__HdataBANK1                                   dataBANK1    0000
__Heeprom_data                                 eeprom_data  0000
__Hend_init                                    end_init     07CE
__Hfunctab                                     functab      0000
__Hheap                                        heap         0000
__HidataBANK0                                  idataBANK0   0000
__HidataBANK1                                  idataBANK1   0000
__Hinit                                        init         07CC
__Hinittext                                    inittext     0000
__Hintentry                                    intentry     07CB
__Hmaintext                                    maintext     0000
__HnvBANK0                                     nvBANK0      0000
__Hpowerup                                     powerup      0000
__Hram                                         ram          0000
__Hreset_vec                                   reset_vec    07C2
__Hsfr0                                        sfr0         0000
__Hsfr1                                        sfr1         0000
__Hsfr10                                       sfr10        0000
__Hsfr11                                       sfr11        0000
__Hsfr12                                       sfr12        0000
__Hsfr13                                       sfr13        0000
__Hsfr14                                       sfr14        0000
__Hsfr15                                       sfr15        0000
__Hsfr16                                       sfr16        0000
__Hsfr17                                       sfr17        0000
__Hsfr18                                       sfr18        0000
__Hsfr19                                       sfr19        0000
__Hsfr2                                        sfr2         0000
__Hsfr20                                       sfr20        0000
__Hsfr21                                       sfr21        0000
__Hsfr22                                       sfr22        0000
__Hsfr23                                       sfr23        0000
__Hsfr24                                       sfr24        0000
__Hsfr25                                       sfr25        0000
__Hsfr26                                       sfr26        0000
__Hsfr27                                       sfr27        0000
__Hsfr28                                       sfr28        0000
__Hsfr29                                       sfr29        0000
__Hsfr3                                        sfr3         0000
__Hsfr30                                       sfr30        0000
__Hsfr31                                       sfr31        0000
__Hsfr4                                        sfr4         0000
__Hsfr5                                        sfr5         0000
__Hsfr6                                        sfr6         0000
__Hsfr7                                        sfr7         0000
__Hsfr8                                        sfr8         0000
__Hsfr9                                        sfr9         0000
__Hspace_0                                     (abs)        1802
__Hspace_1                                     (abs)        00DE
__Hspace_2                                     (abs)        0000
__Hspace_3                                     (abs)        0000
__Hstack                                       stack        0000
__Hstrings                                     strings      0000
__Hstringtext1                                 stringtext1  0000
__Hstringtext2                                 stringtext2  0000
__Hstringtext3                                 stringtext3  0000
__Htext                                        text         0000
__Labs1                                        abs1         0000
__Lbank0                                       bank0        0000
__Lbank1                                       bank1        0000
__Lbank10                                      bank10       0000
__Lbank11                                      bank11       0000
__Lbank12                                      bank12       0000
__Lbank13                                      bank13       0000
__Lbank14                                      bank14       0000
__Lbank15                                      bank15       0000
__Lbank16                                      bank16       0000
__Lbank17                                      bank17       0000
__Lbank18                                      bank18       0000
__Lbank19                                      bank19       0000
__Lbank2                                       bank2        0000
__Lbank20                                      bank20       0000
__Lbank21                                      bank21       0000
__Lbank22                                      bank22       0000
__Lbank23                                      bank23       0000
__Lbank24                                      bank24       0000
__Lbank25                                      bank25       0000
__Lbank26                                      bank26       0000
__Lbank27                                      bank27       0000
__Lbank28                                      bank28       0000
__Lbank29                                      bank29       0000
__Lbank3                                       bank3        0000
__Lbank30                                      bank30       0000
__Lbank31                                      bank31       0000
__Lbank4                                       bank4        0000
__Lbank5                                       bank5        0000
__Lbank6                                       bank6        0000
__Lbank7                                       bank7        0000
__Lbank8                                       bank8        0000
__Lbank9                                       bank9        0000
__Lbigram                                      bigram       0000
__LbssBANK0                                    bssBANK0     0000
__LbssBANK1                                    bssBANK1     0000
__LbssCOMMON                                   bssCOMMON    0000
__Lcinit                                       cinit        0FBE
__Lclrtext                                     clrtext      0000
__Lcode                                        code         0000
__Lcommon                                      common       0000
__LcstackBANK0                                 cstackBANK0  0000
__LcstackBANK1                                 cstackBANK1  0000
__LcstackCOMMON                                cstackCOMMON 0000
__LdataBANK0                                   dataBANK0    0000
__LdataBANK1                                   dataBANK1    0000
__Leeprom_data                                 eeprom_data  0000
__Lend_init                                    end_init     07CC
__Lfunctab                                     functab      0000
__Lheap                                        heap         0000
__LidataBANK0                                  idataBANK0   0000
__LidataBANK1                                  idataBANK1   0000
__Linit                                        init         07CB
__Linittext                                    inittext     0000
__Lintentry                                    intentry     07C4
__Lmaintext                                    maintext     0000
__LnvBANK0                                     nvBANK0      0000
__Lpowerup                                     powerup      0000
__Lram                                         ram          0000
__Lreset_vec                                   reset_vec    07C0
__Lsfr0                                        sfr0         0000
__Lsfr1                                        sfr1         0000
__Lsfr10                                       sfr10        0000
__Lsfr11                                       sfr11        0000
__Lsfr12                                       sfr12        0000
__Lsfr13                                       sfr13        0000
__Lsfr14                                       sfr14        0000
__Lsfr15                                       sfr15        0000
__Lsfr16                                       sfr16        0000
__Lsfr17                                       sfr17        0000
__Lsfr18                                       sfr18        0000
__Lsfr19                                       sfr19        0000
__Lsfr2                                        sfr2         0000
__Lsfr20                                       sfr20        0000
__Lsfr21                                       sfr21        0000
__Lsfr22                                       sfr22        0000
__Lsfr23                                       sfr23        0000
__Lsfr24                                       sfr24        0000
__Lsfr25                                       sfr25        0000
__Lsfr26                                       sfr26        0000
__Lsfr27                                       sfr27        0000
__Lsfr28                                       sfr28        0000
__Lsfr29                                       sfr29        0000
__Lsfr3                                        sfr3         0000
__Lsfr30                                       sfr30        0000
__Lsfr31                                       sfr31        0000
__Lsfr4                                        sfr4         0000
__Lsfr5                                        sfr5         0000
__Lsfr6                                        sfr6         0000
__Lsfr7                                        sfr7         0000
__Lsfr8                                        sfr8         0000
__Lsfr9                                        sfr9         0000
__Lspace_0                                     (abs)        0000
__Lspace_1                                     (abs)        0000
__Lspace_2                                     (abs)        0000
__Lspace_3                                     (abs)        0000
__Lstack                                       stack        0000
__Lstrings                                     strings      0000
__Lstringtext1                                 stringtext1  0000
__Lstringtext2                                 stringtext2  0000
__Lstringtext3                                 stringtext3  0000
__Ltext                                        text         0000
__S0                                           (abs)        1802
__S1                                           (abs)        00DE
___heap_hi                                     (abs)        0000
___heap_lo                                     (abs)        0000
___int_sp                                      stack        0000
___latbits                                     (abs)        0003
___sp                                          stack        0000
___stackhi                                     (abs)        0000
___stacklo                                     (abs)        0000
__end_of_ADC_Initialize                        text22       1671
__end_of_CheckSumMaker                         text43       0C89
__end_of_ControlLights                         text42       0D41
__end_of_DumpEEPROMtoMemory                    text25       0800
__end_of_EUSART_DefaultErrorHandler            text93       15B6
__end_of_EUSART_DefaultFramingErrorHandler     text92       158C
__end_of_EUSART_DefaultOverrunErrorHandler     text91       15BA
__end_of_EUSART_Initialize                     text16       0A84
__end_of_EUSART_Receive_ISR                    text90       0A02
__end_of_EUSART_RxDataHandler                  text94       17C1
__end_of_EUSART_SetErrorHandler                text21       1617
__end_of_EUSART_SetFramingErrorHandler         text20       161D
__end_of_EUSART_SetOverrunErrorHandler         text19       1623
__end_of_EUSART_SetRxInterruptHandler          text18       1629
__end_of_EUSART_SetTxInterruptHandler          text17       162F
__end_of_EUSART_Transmit_ISR                   text89       084D
__end_of_FVR_Initialize                        text15       15CA
__end_of_GetCommandEntryBuffer                 text24       158F
__end_of_I2C_CallbackReturnReset               text77       07C4
__end_of_I2C_CallbackReturnStop                text78       1591
__end_of_I2C_Close                             text38       082B
__end_of_I2C_DO_ADDRESS_NACK                   text54       08C6
__end_of_I2C_DO_IDLE                           text68       15D8
__end_of_I2C_DO_RCEN                           text63       1648
__end_of_I2C_DO_RESET                          text55       1600
__end_of_I2C_DO_RX                             text64       0ACA
__end_of_I2C_DO_RX_ACK                         text58       15F1
__end_of_I2C_DO_RX_NACK_RESTART                text56       15FB
__end_of_I2C_DO_RX_NACK_STOP                   text57       15F6
__end_of_I2C_DO_SEND_ADR_READ                  text67       1668
__end_of_I2C_DO_SEND_ADR_WRITE                 text66       1657
__end_of_I2C_DO_SEND_RESTART                   text60       15E7
__end_of_I2C_DO_SEND_RESTART_READ              text62       15DD
__end_of_I2C_DO_SEND_RESTART_WRITE             text61       15E2
__end_of_I2C_DO_SEND_STOP                      text59       15EC
__end_of_I2C_DO_TX                             text65       0C0B
__end_of_I2C_DO_TX_EMPTY                       text69       0923
__end_of_I2C_Initialize                        text14       080A
__end_of_I2C_MasterClearIrq                    text41       15A6
__end_of_I2C_MasterClose                       text40       15A9
__end_of_I2C_MasterDisableIrq                  text39       15AC
__end_of_I2C_MasterEnableIrq                   text34       15B2
__end_of_I2C_MasterEnableRestart               text88       1594
__end_of_I2C_MasterFsm                         text52       08F4
__end_of_I2C_MasterGetRxData                   text74       159D
__end_of_I2C_MasterIsNack                      text71       160B
__end_of_I2C_MasterIsr                         text51       15C6
__end_of_I2C_MasterOpen                        text33       16AF
__end_of_I2C_MasterOperation                   text36       1800
__end_of_I2C_MasterSendAck                     text73       15C2
__end_of_I2C_MasterSendNack                    text75       15BE
__end_of_I2C_MasterSendTxData                  text72       15D3
__end_of_I2C_MasterSetIrq                      text70       15A0
__end_of_I2C_MasterStart                       text37       15AF
__end_of_I2C_MasterStartRx                     text76       159A
__end_of_I2C_MasterStop                        text87       1597
__end_of_I2C_MasterWrite                       text35       1605
__end_of_I2C_Open                              text31       0B62
__end_of_I2C_Read1ByteRegister                 text26       0990
__end_of_I2C_ReadDataBlock                     text23       0A3F
__end_of_I2C_SetAddressNackCallback            text29       16CA
__end_of_I2C_SetBuffer                         text28       178F
__end_of_I2C_SetCallback                       text30       089A
__end_of_I2C_SetDataCompleteCallback           text27       16D8
__end_of_I2C_SetInterruptHandler               text32       1611
__end_of_I2C_Write1ByteRegister                text3        0958
__end_of_INTERRUPT_InterruptManager            intentry     07CB
__end_of_IOCAF0_DefaultInterruptHandler        text50       158D
__end_of_IOCAF0_ISR                            text49       16F5
__end_of_IOCAF0_SetInterruptHandler            text12       1635
__end_of_IOCAF1_DefaultInterruptHandler        text48       158E
__end_of_IOCAF1_ISR                            text47       1704
__end_of_IOCAF1_SetInterruptHandler            text11       163B
__end_of_InterruptCallback                     text45       0B16
__end_of_OSCILLATOR_Initialize                 text13       167D
__end_of_PIN_MANAGER_IOC                       text46       1778
__end_of_PIN_MANAGER_Initialize                text10       0BB6
__end_of_SYSTEM_Initialize                     text5        17E0
__end_of_TMR0_Initialize                       text9        16E6
__end_of_TMR1_Initialize                       text8        16BC
__end_of_TMR2_Initialize                       text7        164F
__end_of_TransmitMessage                       text4        0801
__end_of_VALVE_EEPROM_ADDRESS                  stringtext3  1802
__end_of_VALVE_EEPROM_ADDRESS_SHIFTED          stringtext2  1801
__end_of_WDT_Initialize                        text6        15CE
__end_of_WriteEEPROM                           text2        1713
__end_of_WriteEEPROMBuffer                     text1        09C8
__end_of__initialization                       cinit        0FFC
__end_of_i2c_fsmStateTable                     stringtext1  1020
__end_of_main                                  maintext     0FBE
__end_of_rd1RegCompleteHandler                 text82       1745
__end_of_rd2RegCompleteHandler                 text81       1756
__end_of_rdBlkRegCompleteHandler               text79       17A7
__end_of_wr1RegCompleteHandler                 text80       1767
__end_of_wr2RegCompleteHandler                 text83       1734
__end_ofi1_I2C_MasterClearIrq                  text53       15A3
__end_ofi1_I2C_SetBuffer                       text86       1723
__end_ofi1_I2C_SetCallback                     text85       0873
__end_ofi1_I2C_SetDataCompleteCallback         text84       16A2
__initialization                               cinit        0FBE
__pbssBANK0                                    bssBANK0     0020
__pbssBANK1                                    bssBANK1     00A0
__pbssBIGRAM                                   (abs)        2554
__pbssCOMMON                                   bssCOMMON    007D
__pcstackBANK0                                 cstackBANK0  0040
__pcstackBANK1                                 cstackBANK1  00DB
__pcstackCOMMON                                cstackCOMMON 0070
__pdataBANK0                                   dataBANK0    0060
__pdataBANK1                                   dataBANK1    00D5
__pidataBANK0                                  idataBANK0   1657
__pidataBANK1                                  idataBANK1   163B
__pintentry                                    intentry     07C4
__pmaintext                                    maintext     0D41
__pnvBANK0                                     nvBANK0      0068
__pstringtext1                                 stringtext1  1000
__pstringtext2                                 stringtext2  1800
__pstringtext3                                 stringtext3  1801
__ptext1                                       text1        0990
__ptext10                                      text10       0B62
__ptext11                                      text11       1635
__ptext12                                      text12       162F
__ptext13                                      text13       1671
__ptext14                                      text14       0801
__ptext15                                      text15       15C6
__ptext16                                      text16       0A3F
__ptext17                                      text17       1629
__ptext18                                      text18       1623
__ptext19                                      text19       161D
__ptext2                                       text2        1704
__ptext20                                      text20       1617
__ptext21                                      text21       1611
__ptext22                                      text22       1668
__ptext23                                      text23       0A02
__ptext24                                      text24       158E
__ptext25                                      text25       07CE
__ptext26                                      text26       0958
__ptext27                                      text27       16CA
__ptext28                                      text28       1778
__ptext29                                      text29       16BC
__ptext3                                       text3        0923
__ptext30                                      text30       0873
__ptext31                                      text31       0B16
__ptext32                                      text32       160B
__ptext33                                      text33       16A2
__ptext34                                      text34       15AF
__ptext35                                      text35       1600
__ptext36                                      text36       17E0
__ptext37                                      text37       15AC
__ptext38                                      text38       080A
__ptext39                                      text39       15A9
__ptext4                                       text4        0800
__ptext40                                      text40       15A6
__ptext41                                      text41       15A3
__ptext42                                      text42       0C89
__ptext43                                      text43       0C0B
__ptext45                                      text45       0ACA
__ptext46                                      text46       1767
__ptext47                                      text47       16F5
__ptext48                                      text48       158D
__ptext49                                      text49       16E6
__ptext5                                       text5        17C1
__ptext50                                      text50       158C
__ptext51                                      text51       15C2
__ptext52                                      text52       08C6
__ptext53                                      text53       15A0
__ptext54                                      text54       089A
__ptext55                                      text55       15FB
__ptext56                                      text56       15F6
__ptext57                                      text57       15F1
__ptext58                                      text58       15EC
__ptext59                                      text59       15E7
__ptext6                                       text6        15CA
__ptext60                                      text60       15E2
__ptext61                                      text61       15DD
__ptext62                                      text62       15D8
__ptext63                                      text63       1641
__ptext64                                      text64       0A84
__ptext65                                      text65       0BB6
__ptext66                                      text66       164F
__ptext67                                      text67       165F
__ptext68                                      text68       15D3
__ptext69                                      text69       08F4
__ptext7                                       text7        1648
__ptext70                                      text70       159D
__ptext71                                      text71       1605
__ptext72                                      text72       15CE
__ptext73                                      text73       15BE
__ptext74                                      text74       159A
__ptext75                                      text75       15BA
__ptext76                                      text76       1597
__ptext77                                      text77       07C2
__ptext78                                      text78       158F
__ptext79                                      text79       178F
__ptext8                                       text8        16AF
__ptext80                                      text80       1756
__ptext81                                      text81       1745
__ptext82                                      text82       1734
__ptext83                                      text83       1723
__ptext84                                      text84       1695
__ptext85                                      text85       084D
__ptext86                                      text86       1713
__ptext87                                      text87       1594
__ptext88                                      text88       1591
__ptext89                                      text89       082B
__ptext9                                       text9        16D8
__ptext90                                      text90       09C8
__ptext91                                      text91       15B6
__ptext92                                      text92       158B
__ptext93                                      text93       15B2
__ptext94                                      text94       17A7
_display                                       bssBANK0     003E
_eeprom_data                                   (abs)        2554
_eusartRxBuffer                                bssBANK1     00C5
_eusartRxCount                                 bssBANK0     0039
_eusartRxHead                                  bssBANK0     003A
_eusartRxLastError                             bssBANK0     0038
_eusartRxStatusBuffer                          bssBANK1     00BD
_eusartRxTail                                  bssCOMMON    007D
_eusartTxBuffer                                bssBANK1     00CD
_eusartTxBufferRemaining                       bssBANK0     003B
_eusartTxHead                                  bssBANK0     003D
_eusartTxTail                                  bssBANK0     003C
_i2c_fsmStateTable                             stringtext1  1000
_main                                          maintext     0D41
_rd1RegCompleteHandler                         text82       1734
_rd2RegCompleteHandler                         text81       1745
_rdBlkRegCompleteHandler                       text79       178F
_receiveBuffersFull                            bssBANK0     0032
_receiveBuffersOverflow                        bssBANK0     0031
_receiveReady                                  bssBANK0     0033
_rs485RXBuffer                                 (abs)        25D4
_rs485TXBuffer                                 (abs)        26E2
_second_stop_backup_ptr                        dataBANK0    0060
_second_stop_ptr                               dataBANK0    0062
_sendBuffersFull                               bssBANK0     0034
_sendInProgress                                bssBANK0     0035
_timer0ReloadVal                               bssBANK0     0037
_timer1ReloadVal                               bssBANK0     0022
_uart_rx_buf_location                          bssBANK0     0030
_valve_uid                                     dataBANK1    00D5
_wr1RegCompleteHandler                         text80       1756
_wr2RegCompleteHandler                         text83       1723
btemp                                          (abs)        007E
clear_ram0                                     clrtext      167D
end_of_initialization                          cinit        0FFC
i1I2C_SetBuffer@buffer                         cstackCOMMON 0073
i1I2C_SetBuffer@bufferSize                     cstackCOMMON 0070
i1I2C_SetCallback@cb                           cstackCOMMON 0070
i1I2C_SetCallback@idx                          cstackCOMMON 0074
i1I2C_SetCallback@ptr                          cstackCOMMON 0072
i1I2C_SetDataCompleteCallback@cb               cstackCOMMON 0075
i1I2C_SetDataCompleteCallback@ptr              cstackCOMMON 0077
i1_I2C_MasterClearIrq                          text53       15A0
i1_I2C_SetBuffer                               text86       1713
i1_I2C_SetCallback                             text85       084D
i1_I2C_SetDataCompleteCallback                 text84       1695
init_ram                                       inittext     1689
int$flags                                      (abs)        007E
intlevel0                                      functab      0000
intlevel1                                      functab      0000
intlevel2                                      functab      0000
intlevel3                                      functab      0000
intlevel4                                      functab      0000
intlevel5                                      functab      0000
main@newCommand                                cstackBANK1  00DD
main@new_value                                 cstackBANK1  00DB
rd1RegCompleteHandler@ptr                      cstackCOMMON 0079
rd2RegCompleteHandler@ptr                      cstackCOMMON 0079
rdBlkRegCompleteHandler@ptr                    cstackCOMMON 0079
reset_vec                                      reset_vec    07C0
start                                          init         07CB
start_initialization                           cinit        0FBE
wr1RegCompleteHandler@ptr                      cstackCOMMON 0079
wr2RegCompleteHandler@ptr                      cstackCOMMON 0079
wtemp0                                         (abs)        007E


MODULE INFORMATION

Module		Function		Class		Link	Load	Size
mcc_generated_files/fvr.c
		_FVR_Initialize		CODE           	15C6	0000	4

mcc_generated_files/fvr.c estimated size: 4

mcc_generated_files/tmr2.c
		_TMR2_Initialize		CODE           	1648	0000	7

mcc_generated_files/tmr2.c estimated size: 7

mcc_generated_files/interrupt_manager.c
		_InterruptCallback		CODE           	0ACA	0000	76
		_INTERRUPT_InterruptManager		CODE           	07C4	0000	7

mcc_generated_files/interrupt_manager.c estimated size: 83

mcc_generated_files/examples/i2c_master_example.c
		_wr1RegCompleteHandler		CODE           	1756	0000	17
		_wr2RegCompleteHandler		CODE           	1723	0000	17
		_I2C_Write1ByteRegister		CODE           	0923	0000	53
		_I2C_Read1ByteRegister		CODE           	0958	0000	56
		_rdBlkRegCompleteHandler		CODE           	178F	0000	24
		_rd1RegCompleteHandler		CODE           	1734	0000	17
		_I2C_ReadDataBlock		CODE           	0A02	0000	61
		_rd2RegCompleteHandler		CODE           	1745	0000	17

mcc_generated_files/examples/i2c_master_example.c estimated size: 262

mcc_generated_files/tmr0.c
		_TMR0_Initialize		CODE           	16D8	0000	14

mcc_generated_files/tmr0.c estimated size: 14

mcc_generated_files/pin_manager.c
		_PIN_MANAGER_Initialize		CODE           	0B62	0000	84
		_IOCAF1_DefaultInterruptHandler		CODE           	158D	0000	1
		_IOCAF1_ISR    		CODE           	16F5	0000	15
		_IOCAF0_SetInterruptHandler		CODE           	162F	0000	6
		_IOCAF1_SetInterruptHandler		CODE           	1635	0000	6
		_PIN_MANAGER_IOC		CODE           	1767	0000	17
		_IOCAF0_DefaultInterruptHandler		CODE           	158C	0000	1
		_IOCAF0_ISR    		CODE           	16E6	0000	15

mcc_generated_files/pin_manager.c estimated size: 145

command_system.c
		_TransmitMessage		CODE           	0800	0000	1
		_GetCommandEntryBuffer		CODE           	158E	0000	1

command_system.c estimated size: 2

mcc_generated_files/adc.c
		_ADC_Initialize		CODE           	1668	0000	9

mcc_generated_files/adc.c estimated size: 9

shared
		i1_I2C_SetBuffer		CODE           	1713	0000	16
		_VALVE_EEPROM_ADDRESS_SHIFTED		STRCODE        	0000	0000	0
		__initialization		CODE           	0FBE	0000	62
		i1_I2C_SetCallback		CODE           	084D	0000	38
		i1_I2C_SetDataCompleteCallback		CODE           	1695	0000	13
		i1_I2C_MasterClearIrq		CODE           	15A0	0000	3
		_VALVE_EEPROM_ADDRESS		STRCODE        	0000	0000	0
		_i2c_fsmStateTable		STRCODE        	1000	0000	32

shared estimated size: 164

ledcontroller.c
		_ControlLights 		CODE           	0C89	0000	184

ledcontroller.c estimated size: 184

mcc_generated_files/mcc.c
		_WDT_Initialize		CODE           	15CA	0000	4
		_OSCILLATOR_Initialize		CODE           	1671	0000	12
		_SYSTEM_Initialize		CODE           	17C1	0000	31

mcc_generated_files/mcc.c estimated size: 47

mcc_generated_files/tmr1.c
		_TMR1_Initialize		CODE           	16AF	0000	13

mcc_generated_files/tmr1.c estimated size: 13

mcc_generated_files/i2c_master.c
		_I2C_Close     		CODE           	080A	0000	33
		_I2C_MasterStartRx		CODE           	1597	0000	3
		_I2C_DO_SEND_ADR_WRITE		CODE           	164F	0000	8
		_I2C_DO_SEND_STOP		CODE           	15E7	0000	5
		_I2C_MasterSendNack		CODE           	15BA	0000	4
		_I2C_MasterDisableIrq		CODE           	15A9	0000	3
		_I2C_CallbackReturnStop		CODE           	158F	0000	2
		_I2C_MasterOperation		CODE           	17E0	0000	32
		_I2C_DO_SEND_ADR_READ		CODE           	165F	0000	9
		_I2C_DO_RX_NACK_STOP		CODE           	15F1	0000	5
		_I2C_DO_SEND_RESTART		CODE           	15E2	0000	5
		_I2C_DO_RX     		CODE           	0A84	0000	70
		_I2C_DO_TX     		CODE           	0BB6	0000	85
		_I2C_DO_IDLE   		CODE           	15D3	0000	5
		_I2C_DO_RCEN   		CODE           	1641	0000	7
		_I2C_DO_RESET  		CODE           	15FB	0000	5
		_I2C_MasterClose		CODE           	15A6	0000	3
		_I2C_MasterWrite		CODE           	1600	0000	5
		_I2C_DO_RX_ACK 		CODE           	15EC	0000	5
		_I2C_MasterStart		CODE           	15AC	0000	3
		_I2C_MasterClearIrq		CODE           	15A3	0000	3
		_I2C_MasterGetRxData		CODE           	159A	0000	3
		_I2C_SetCallback		CODE           	0873	0000	39
		_I2C_DO_ADDRESS_NACK		CODE           	089A	0000	44
		_I2C_MasterEnableRestart		CODE           	1591	0000	3
		_I2C_CallbackReturnReset		CODE           	07C2	0000	2
		_I2C_Open      		CODE           	0B16	0000	76
		_I2C_SetAddressNackCallback		CODE           	16BC	0000	14
		_I2C_DO_TX_EMPTY		CODE           	08F4	0000	47
		_I2C_DO_SEND_RESTART_WRITE		CODE           	15DD	0000	5
		_I2C_MasterIsNack		CODE           	1605	0000	6
		_I2C_SetDataCompleteCallback		CODE           	16CA	0000	14
		_I2C_DO_RX_NACK_RESTART		CODE           	15F6	0000	5
		_I2C_MasterSendAck		CODE           	15BE	0000	4
		_I2C_MasterFsm 		CODE           	08C6	0000	46
		_I2C_MasterIsr 		CODE           	15C2	0000	4
		_I2C_MasterSetIrq		CODE           	159D	0000	3
		_I2C_DO_SEND_RESTART_READ		CODE           	15D8	0000	5
		_I2C_MasterEnableIrq		CODE           	15AF	0000	3
		_I2C_Initialize		CODE           	0801	0000	9
		_I2C_SetBuffer 		CODE           	1778	0000	23
		_I2C_SetInterruptHandler		CODE           	160B	0000	6
		_I2C_MasterOpen		CODE           	16A2	0000	13
		_I2C_MasterSendTxData		CODE           	15CE	0000	5
		_I2C_MasterStop		CODE           	1594	0000	3

mcc_generated_files/i2c_master.c estimated size: 682

mcc_generated_files/eusart.c
		_EUSART_SetRxInterruptHandler		CODE           	1623	0000	6
		_EUSART_SetTxInterruptHandler		CODE           	1629	0000	6
		_EUSART_DefaultOverrunErrorHandler		CODE           	15B6	0000	4
		_EUSART_DefaultErrorHandler		CODE           	15B2	0000	4
		_EUSART_Transmit_ISR		CODE           	082B	0000	34
		_EUSART_Initialize		CODE           	0A3F	0000	69
		_EUSART_SetFramingErrorHandler		CODE           	1617	0000	6
		_EUSART_SetErrorHandler		CODE           	1611	0000	6
		_EUSART_SetOverrunErrorHandler		CODE           	161D	0000	6
		_EUSART_Receive_ISR		CODE           	09C8	0000	58
		_EUSART_RxDataHandler		CODE           	17A7	0000	26
		_EUSART_DefaultFramingErrorHandler		CODE           	158B	0000	1

mcc_generated_files/eusart.c estimated size: 226

main.c
		_DumpEEPROMtoMemory		CODE           	07CE	0000	50
		_main          		CODE           	0D41	0000	637
		_CheckSumMaker 		CODE           	0C0B	0000	126
		_WriteEEPROM   		CODE           	1704	0000	15
		_WriteEEPROMBuffer		CODE           	0990	0000	56

main.c estimated size: 884

